../Middlewares/ST/touchgfx/framework/include/mvp/Presenter.hpp:37:18:virtual void touchgfx::Presenter::activate()	16	static
../Middlewares/ST/touchgfx/framework/include/mvp/Presenter.hpp:47:18:virtual void touchgfx::Presenter::deactivate()	16	static
../Middlewares/ST/touchgfx/framework/include/mvp/Presenter.hpp:52:13:touchgfx::Presenter::~Presenter()	16	static
../Middlewares/ST/touchgfx/framework/include/mvp/Presenter.hpp:52:13:virtual touchgfx::Presenter::~Presenter()	16	static
../Middlewares/ST/touchgfx/framework/include/mvp/Presenter.hpp:58:5:touchgfx::Presenter::Presenter()	16	static
../TouchGFX/gui/include/gui/model/ModelListener.hpp:9:5:ModelListener::ModelListener()	16	static
../TouchGFX/gui/include/gui/model/ModelListener.hpp:11:13:ModelListener::~ModelListener()	16	static
../TouchGFX/gui/include/gui/model/ModelListener.hpp:11:13:virtual ModelListener::~ModelListener()	16	static
../TouchGFX/gui/include/gui/data_collector_screen/Data_CollectorPresenter.hpp:28:13:Data_CollectorPresenter::~Data_CollectorPresenter()	16	static
../TouchGFX/gui/include/gui/data_collector_screen/Data_CollectorPresenter.hpp:28:13:virtual Data_CollectorPresenter::~Data_CollectorPresenter()	16	static
../TouchGFX/gui/src/data_collector_screen/Data_CollectorPresenter.cpp:4:1:Data_CollectorPresenter::Data_CollectorPresenter(Data_CollectorView&)	16	static
../TouchGFX/gui/src/data_collector_screen/Data_CollectorPresenter.cpp:10:6:virtual void Data_CollectorPresenter::activate()	16	static
../TouchGFX/gui/src/data_collector_screen/Data_CollectorPresenter.cpp:15:6:virtual void Data_CollectorPresenter::deactivate()	16	static
